---
source: tui/src/chatwidget/tests.rs
expression: terminal.backend().vt100().screen().contents()
---
Active agent: Default session (session)
Model: gpt-5.2-codex | Tools: inherit parent session
Switch agents with ":use-agent <id>" or restart with "--use-subagent <id>" (see `codex agents
list`).
Inspect transcripts + resume tokens with `codex agents resume-status`.


  Would you like to run the following command?

  Reason: this is a test reason such as one that would be produced by the model

  $ echo hello world

› 1. Yes, proceed (y)
  2. Yes, and don't ask again for commands that start with `echo hello world` (p)
  3. No, and tell Codex what to do differently (esc)

  Press enter to confirm or esc to cancel
