---
source: tui/src/chatwidget/tests.rs
expression: popup
---
Active agent: Default session (session)
Model: gpt-5.2-codex | Tools: inherit parent session
Switch agents with ":use-agent <id>" or restart with "--use-subagent <id>" (see
`codex agents list`).
Inspect transcripts + resume tokens with `codex agents resume-status`.


  Experimental features
  Toggle beta features. Changes are saved to config.toml.

› [ ] Ghost snapshots  Capture undo snapshots each turn.
  [x] Shell tool       Allow the model to run shell commands.

  Press enter to toggle or esc to save for next conversation
