---
source: tui/src/chatwidget/tests.rs
expression: contents
---
Active agent: Default session (session)
Model: gpt-5.2-codex | Tools: inherit parent session
Switch agents with ":use-agent <id>" or restart with "--use-subagent <id>" (see `codex agents
list`).
Inspect transcripts + resume tokens with `codex agents resume-status`.


  Would you like to run the following command?

  $ python - <<'PY'
  print('hello')
  PY

› 1. Yes, proceed (y)
  2. No, and tell Codex what to do differently (esc)

  Press enter to confirm or esc to cancel
